
*** Running vivado
    with args -log cpu_top.vds -m64 -product Vivado -mode batch -messageDb vivado.pb -notrace -source cpu_top.tcl



****** Vivado v2025.1 (64-bit)
  **** SW Build 6140274 on Thu May 22 00:12:29 MDT 2025
  **** IP Build 6138677 on Thu May 22 03:10:11 MDT 2025
  **** SharedData Build 6139179 on Tue May 20 17:58:58 MDT 2025
  **** Start of session at: Wed Jan 14 13:14:39 2026
    ** Copyright 1986-2022 Xilinx, Inc. All Rights Reserved.
    ** Copyright 2022-2025 Advanced Micro Devices, Inc. All Rights Reserved.

source cpu_top.tcl -notrace
create_project: Time (s): cpu = 00:00:14 ; elapsed = 00:00:10 . Memory (MB): peak = 541.551 ; gain = 246.863
Command: read_checkpoint -auto_incremental -incremental C:/Users/patsn/OneDrive/Documents/fpga-projects/3-stage-riscv-hazard-aware-cpu/vivado/riscv-cpu.srcs/utils_1/imports/synth_1/cpu_top.dcp
INFO: [Vivado 12-5825] Read reference checkpoint from C:/Users/patsn/OneDrive/Documents/fpga-projects/3-stage-riscv-hazard-aware-cpu/vivado/riscv-cpu.srcs/utils_1/imports/synth_1/cpu_top.dcp for incremental synthesis
INFO: [Vivado 12-7989] Please ensure there are no constraint changes
Command: synth_design -top cpu_top -part xc7a35tcpg236-1
Starting synth_design
Attempting to get a license for feature 'Synthesis' and/or device 'xc7a35t'
INFO: [Common 17-349] Got license for feature 'Synthesis' and/or device 'xc7a35t'
INFO: [Designutils 20-5440] No compile time benefit to using incremental synthesis; A full resynthesis will be run
INFO: [Designutils 20-4379] Flow is switching to default flow due to incremental criteria not met. If you would like to alter this behaviour and have the flow terminate instead, please set the following parameter config_implementation {autoIncr.Synth.RejectBehavior Terminate}
INFO: [Synth 8-7079] Multithreading enabled for synth_design using a maximum of 2 processes.
INFO: [Synth 8-7078] Launching helper process for spawning children vivado processes
INFO: [Synth 8-7075] Helper process launched with PID 30500
---------------------------------------------------------------------------------
Starting Synthesize : Time (s): cpu = 00:00:09 ; elapsed = 00:00:09 . Memory (MB): peak = 1050.883 ; gain = 495.879
---------------------------------------------------------------------------------
INFO: [Synth 8-6157] synthesizing module 'cpu_top' [C:/Users/patsn/OneDrive/Documents/fpga-projects/3-stage-riscv-hazard-aware-cpu/rtl/cpu_top.sv:1]
INFO: [Synth 8-6157] synthesizing module 'pc' [C:/Users/patsn/OneDrive/Documents/fpga-projects/3-stage-riscv-hazard-aware-cpu/rtl/pc.sv:1]
INFO: [Synth 8-6155] done synthesizing module 'pc' (0#1) [C:/Users/patsn/OneDrive/Documents/fpga-projects/3-stage-riscv-hazard-aware-cpu/rtl/pc.sv:1]
INFO: [Synth 8-6157] synthesizing module 'imem' [C:/Users/patsn/OneDrive/Documents/fpga-projects/3-stage-riscv-hazard-aware-cpu/rtl/imem.sv:1]
INFO: [Synth 8-3876] $readmem data file 'program.mem' is read successfully [C:/Users/patsn/OneDrive/Documents/fpga-projects/3-stage-riscv-hazard-aware-cpu/rtl/imem.sv:9]
INFO: [Synth 8-6155] done synthesizing module 'imem' (0#1) [C:/Users/patsn/OneDrive/Documents/fpga-projects/3-stage-riscv-hazard-aware-cpu/rtl/imem.sv:1]
INFO: [Synth 8-6157] synthesizing module 'if_ex_reg' [C:/Users/patsn/OneDrive/Documents/fpga-projects/3-stage-riscv-hazard-aware-cpu/rtl/if_ex_reg.sv:1]
INFO: [Synth 8-6155] done synthesizing module 'if_ex_reg' (0#1) [C:/Users/patsn/OneDrive/Documents/fpga-projects/3-stage-riscv-hazard-aware-cpu/rtl/if_ex_reg.sv:1]
INFO: [Synth 8-6157] synthesizing module 'imm_gen' [C:/Users/patsn/OneDrive/Documents/fpga-projects/3-stage-riscv-hazard-aware-cpu/rtl/imm_gen.sv:1]
INFO: [Synth 8-6155] done synthesizing module 'imm_gen' (0#1) [C:/Users/patsn/OneDrive/Documents/fpga-projects/3-stage-riscv-hazard-aware-cpu/rtl/imm_gen.sv:1]
INFO: [Synth 8-6157] synthesizing module 'regfile' [C:/Users/patsn/OneDrive/Documents/fpga-projects/3-stage-riscv-hazard-aware-cpu/rtl/regfile.sv:1]
INFO: [Synth 8-6155] done synthesizing module 'regfile' (0#1) [C:/Users/patsn/OneDrive/Documents/fpga-projects/3-stage-riscv-hazard-aware-cpu/rtl/regfile.sv:1]
INFO: [Synth 8-6157] synthesizing module 'control' [C:/Users/patsn/OneDrive/Documents/fpga-projects/3-stage-riscv-hazard-aware-cpu/rtl/control.sv:1]
INFO: [Synth 8-6155] done synthesizing module 'control' (0#1) [C:/Users/patsn/OneDrive/Documents/fpga-projects/3-stage-riscv-hazard-aware-cpu/rtl/control.sv:1]
INFO: [Synth 8-6157] synthesizing module 'alu_control' [C:/Users/patsn/OneDrive/Documents/fpga-projects/3-stage-riscv-hazard-aware-cpu/rtl/alu_control.sv:1]
INFO: [Synth 8-6155] done synthesizing module 'alu_control' (0#1) [C:/Users/patsn/OneDrive/Documents/fpga-projects/3-stage-riscv-hazard-aware-cpu/rtl/alu_control.sv:1]
INFO: [Synth 8-6157] synthesizing module 'alu' [C:/Users/patsn/OneDrive/Documents/fpga-projects/3-stage-riscv-hazard-aware-cpu/rtl/alu.sv:1]
INFO: [Synth 8-6155] done synthesizing module 'alu' (0#1) [C:/Users/patsn/OneDrive/Documents/fpga-projects/3-stage-riscv-hazard-aware-cpu/rtl/alu.sv:1]
INFO: [Synth 8-6157] synthesizing module 'ex_wb_reg' [C:/Users/patsn/OneDrive/Documents/fpga-projects/3-stage-riscv-hazard-aware-cpu/rtl/ex_wb_reg.sv:1]
INFO: [Synth 8-6155] done synthesizing module 'ex_wb_reg' (0#1) [C:/Users/patsn/OneDrive/Documents/fpga-projects/3-stage-riscv-hazard-aware-cpu/rtl/ex_wb_reg.sv:1]
INFO: [Synth 8-6157] synthesizing module 'dmem' [C:/Users/patsn/OneDrive/Documents/fpga-projects/3-stage-riscv-hazard-aware-cpu/rtl/dmem.sv:1]
INFO: [Synth 8-6155] done synthesizing module 'dmem' (0#1) [C:/Users/patsn/OneDrive/Documents/fpga-projects/3-stage-riscv-hazard-aware-cpu/rtl/dmem.sv:1]
INFO: [Synth 8-6157] synthesizing module 'hazard_unit' [C:/Users/patsn/OneDrive/Documents/fpga-projects/3-stage-riscv-hazard-aware-cpu/rtl/hazard_unit.sv:7]
INFO: [Synth 8-6155] done synthesizing module 'hazard_unit' (0#1) [C:/Users/patsn/OneDrive/Documents/fpga-projects/3-stage-riscv-hazard-aware-cpu/rtl/hazard_unit.sv:7]
INFO: [Synth 8-6155] done synthesizing module 'cpu_top' (0#1) [C:/Users/patsn/OneDrive/Documents/fpga-projects/3-stage-riscv-hazard-aware-cpu/rtl/cpu_top.sv:1]
WARNING: [Synth 8-87] always_comb on 'alu_cntrl_reg' did not result in combinational logic [C:/Users/patsn/OneDrive/Documents/fpga-projects/3-stage-riscv-hazard-aware-cpu/rtl/alu_control.sv:10]
WARNING: [Synth 8-3848] Net flush_if_ex in module/entity cpu_top does not have driver. [C:/Users/patsn/OneDrive/Documents/fpga-projects/3-stage-riscv-hazard-aware-cpu/rtl/cpu_top.sv:21]
WARNING: [Synth 8-7129] Port instr_if[31] in module hazard_unit is either unconnected or has no load
WARNING: [Synth 8-7129] Port instr_if[30] in module hazard_unit is either unconnected or has no load
WARNING: [Synth 8-7129] Port instr_if[29] in module hazard_unit is either unconnected or has no load
WARNING: [Synth 8-7129] Port instr_if[28] in module hazard_unit is either unconnected or has no load
WARNING: [Synth 8-7129] Port instr_if[27] in module hazard_unit is either unconnected or has no load
WARNING: [Synth 8-7129] Port instr_if[26] in module hazard_unit is either unconnected or has no load
WARNING: [Synth 8-7129] Port instr_if[25] in module hazard_unit is either unconnected or has no load
WARNING: [Synth 8-7129] Port instr_if[14] in module hazard_unit is either unconnected or has no load
WARNING: [Synth 8-7129] Port instr_if[13] in module hazard_unit is either unconnected or has no load
WARNING: [Synth 8-7129] Port instr_if[12] in module hazard_unit is either unconnected or has no load
WARNING: [Synth 8-7129] Port instr_if[11] in module hazard_unit is either unconnected or has no load
WARNING: [Synth 8-7129] Port instr_if[10] in module hazard_unit is either unconnected or has no load
WARNING: [Synth 8-7129] Port instr_if[9] in module hazard_unit is either unconnected or has no load
WARNING: [Synth 8-7129] Port instr_if[8] in module hazard_unit is either unconnected or has no load
WARNING: [Synth 8-7129] Port instr_if[7] in module hazard_unit is either unconnected or has no load
WARNING: [Synth 8-7129] Port instr_if[6] in module hazard_unit is either unconnected or has no load
WARNING: [Synth 8-7129] Port instr_if[5] in module hazard_unit is either unconnected or has no load
WARNING: [Synth 8-7129] Port instr_if[4] in module hazard_unit is either unconnected or has no load
WARNING: [Synth 8-7129] Port instr_if[3] in module hazard_unit is either unconnected or has no load
WARNING: [Synth 8-7129] Port instr_if[2] in module hazard_unit is either unconnected or has no load
WARNING: [Synth 8-7129] Port instr_if[1] in module hazard_unit is either unconnected or has no load
WARNING: [Synth 8-7129] Port instr_if[0] in module hazard_unit is either unconnected or has no load
WARNING: [Synth 8-7129] Port address[31] in module dmem is either unconnected or has no load
WARNING: [Synth 8-7129] Port address[30] in module dmem is either unconnected or has no load
WARNING: [Synth 8-7129] Port address[29] in module dmem is either unconnected or has no load
WARNING: [Synth 8-7129] Port address[28] in module dmem is either unconnected or has no load
WARNING: [Synth 8-7129] Port address[27] in module dmem is either unconnected or has no load
WARNING: [Synth 8-7129] Port address[26] in module dmem is either unconnected or has no load
WARNING: [Synth 8-7129] Port address[25] in module dmem is either unconnected or has no load
WARNING: [Synth 8-7129] Port address[24] in module dmem is either unconnected or has no load
WARNING: [Synth 8-7129] Port address[23] in module dmem is either unconnected or has no load
WARNING: [Synth 8-7129] Port address[22] in module dmem is either unconnected or has no load
WARNING: [Synth 8-7129] Port address[21] in module dmem is either unconnected or has no load
WARNING: [Synth 8-7129] Port address[20] in module dmem is either unconnected or has no load
WARNING: [Synth 8-7129] Port address[19] in module dmem is either unconnected or has no load
WARNING: [Synth 8-7129] Port address[18] in module dmem is either unconnected or has no load
WARNING: [Synth 8-7129] Port address[17] in module dmem is either unconnected or has no load
WARNING: [Synth 8-7129] Port address[16] in module dmem is either unconnected or has no load
WARNING: [Synth 8-7129] Port address[15] in module dmem is either unconnected or has no load
WARNING: [Synth 8-7129] Port address[14] in module dmem is either unconnected or has no load
WARNING: [Synth 8-7129] Port address[13] in module dmem is either unconnected or has no load
WARNING: [Synth 8-7129] Port address[12] in module dmem is either unconnected or has no load
WARNING: [Synth 8-7129] Port address[11] in module dmem is either unconnected or has no load
WARNING: [Synth 8-7129] Port address[10] in module dmem is either unconnected or has no load
WARNING: [Synth 8-7129] Port address[1] in module dmem is either unconnected or has no load
WARNING: [Synth 8-7129] Port address[0] in module dmem is either unconnected or has no load
WARNING: [Synth 8-7129] Port instruct[19] in module imm_gen is either unconnected or has no load
WARNING: [Synth 8-7129] Port instruct[18] in module imm_gen is either unconnected or has no load
WARNING: [Synth 8-7129] Port instruct[17] in module imm_gen is either unconnected or has no load
WARNING: [Synth 8-7129] Port instruct[16] in module imm_gen is either unconnected or has no load
WARNING: [Synth 8-7129] Port instruct[15] in module imm_gen is either unconnected or has no load
WARNING: [Synth 8-7129] Port instruct[14] in module imm_gen is either unconnected or has no load
WARNING: [Synth 8-7129] Port instruct[13] in module imm_gen is either unconnected or has no load
WARNING: [Synth 8-7129] Port instruct[12] in module imm_gen is either unconnected or has no load
WARNING: [Synth 8-7129] Port address[31] in module imem is either unconnected or has no load
WARNING: [Synth 8-7129] Port address[30] in module imem is either unconnected or has no load
WARNING: [Synth 8-7129] Port address[29] in module imem is either unconnected or has no load
WARNING: [Synth 8-7129] Port address[28] in module imem is either unconnected or has no load
WARNING: [Synth 8-7129] Port address[27] in module imem is either unconnected or has no load
WARNING: [Synth 8-7129] Port address[26] in module imem is either unconnected or has no load
WARNING: [Synth 8-7129] Port address[25] in module imem is either unconnected or has no load
WARNING: [Synth 8-7129] Port address[24] in module imem is either unconnected or has no load
WARNING: [Synth 8-7129] Port address[23] in module imem is either unconnected or has no load
WARNING: [Synth 8-7129] Port address[22] in module imem is either unconnected or has no load
WARNING: [Synth 8-7129] Port address[21] in module imem is either unconnected or has no load
WARNING: [Synth 8-7129] Port address[20] in module imem is either unconnected or has no load
WARNING: [Synth 8-7129] Port address[19] in module imem is either unconnected or has no load
WARNING: [Synth 8-7129] Port address[18] in module imem is either unconnected or has no load
WARNING: [Synth 8-7129] Port address[17] in module imem is either unconnected or has no load
WARNING: [Synth 8-7129] Port address[16] in module imem is either unconnected or has no load
WARNING: [Synth 8-7129] Port address[15] in module imem is either unconnected or has no load
WARNING: [Synth 8-7129] Port address[14] in module imem is either unconnected or has no load
WARNING: [Synth 8-7129] Port address[13] in module imem is either unconnected or has no load
WARNING: [Synth 8-7129] Port address[12] in module imem is either unconnected or has no load
WARNING: [Synth 8-7129] Port address[11] in module imem is either unconnected or has no load
WARNING: [Synth 8-7129] Port address[10] in module imem is either unconnected or has no load
WARNING: [Synth 8-7129] Port address[1] in module imem is either unconnected or has no load
WARNING: [Synth 8-7129] Port address[0] in module imem is either unconnected or has no load
---------------------------------------------------------------------------------
Finished Synthesize : Time (s): cpu = 00:00:11 ; elapsed = 00:00:12 . Memory (MB): peak = 1159.461 ; gain = 604.457
---------------------------------------------------------------------------------
---------------------------------------------------------------------------------
Finished Constraint Validation : Time (s): cpu = 00:00:12 ; elapsed = 00:00:13 . Memory (MB): peak = 1159.461 ; gain = 604.457
---------------------------------------------------------------------------------
---------------------------------------------------------------------------------
Start Loading Part and Timing Information
---------------------------------------------------------------------------------
Loading part: xc7a35tcpg236-1
---------------------------------------------------------------------------------
INFO: [Device 21-403] Loading part xc7a35tcpg236-1
Finished Loading Part and Timing Information : Time (s): cpu = 00:00:12 ; elapsed = 00:00:13 . Memory (MB): peak = 1159.461 ; gain = 604.457
---------------------------------------------------------------------------------
WARNING: [Synth 8-327] inferring latch for variable 'alu_cntrl_reg' [C:/Users/patsn/OneDrive/Documents/fpga-projects/3-stage-riscv-hazard-aware-cpu/rtl/alu_control.sv:10]
---------------------------------------------------------------------------------
Finished RTL Optimization Phase 2 : Time (s): cpu = 00:00:13 ; elapsed = 00:00:14 . Memory (MB): peak = 1159.461 ; gain = 604.457
---------------------------------------------------------------------------------
No constraint files found.
---------------------------------------------------------------------------------
Start RTL Component Statistics 
---------------------------------------------------------------------------------
Detailed RTL Component Info : 
+---Adders : 
	   2 Input   32 Bit       Adders := 3     
	   3 Input   32 Bit       Adders := 1     
+---XORs : 
	   2 Input     32 Bit         XORs := 1     
+---Registers : 
	               32 Bit    Registers := 37    
	                5 Bit    Registers := 1     
	                1 Bit    Registers := 2     
+---Muxes : 
	   5 Input   32 Bit        Muxes := 1     
	   2 Input   32 Bit        Muxes := 13    
	   2 Input    3 Bit        Muxes := 1     
	   4 Input    3 Bit        Muxes := 1     
	   5 Input    2 Bit        Muxes := 1     
	   2 Input    2 Bit        Muxes := 1     
	   2 Input    1 Bit        Muxes := 32    
---------------------------------------------------------------------------------
Finished RTL Component Statistics 
---------------------------------------------------------------------------------
---------------------------------------------------------------------------------
Start Part Resource Summary
---------------------------------------------------------------------------------
Part Resources:
DSPs: 90 (col length:60)
BRAMs: 100 (col length: RAMB18 60 RAMB36 30)
---------------------------------------------------------------------------------
Finished Part Resource Summary
---------------------------------------------------------------------------------
No constraint files found.
---------------------------------------------------------------------------------
Start Cross Boundary and Area Optimization
---------------------------------------------------------------------------------
WARNING: [Synth 8-7080] Parallel synthesis criteria is not met
WARNING: [Synth 8-3332] Sequential element (cpu_alu_control/alu_cntrl_reg[2]) is unused and will be removed from module cpu_top.
WARNING: [Synth 8-3332] Sequential element (cpu_alu_control/alu_cntrl_reg[1]) is unused and will be removed from module cpu_top.
WARNING: [Synth 8-3332] Sequential element (cpu_alu_control/alu_cntrl_reg[0]) is unused and will be removed from module cpu_top.
---------------------------------------------------------------------------------
Finished Cross Boundary and Area Optimization : Time (s): cpu = 00:00:18 ; elapsed = 00:00:21 . Memory (MB): peak = 1325.430 ; gain = 770.426
---------------------------------------------------------------------------------
No constraint files found.
---------------------------------------------------------------------------------
Start Timing Optimization
---------------------------------------------------------------------------------
---------------------------------------------------------------------------------
Finished Timing Optimization : Time (s): cpu = 00:00:18 ; elapsed = 00:00:21 . Memory (MB): peak = 1340.211 ; gain = 785.207
---------------------------------------------------------------------------------
---------------------------------------------------------------------------------
Start Technology Mapping
---------------------------------------------------------------------------------
---------------------------------------------------------------------------------
Finished Technology Mapping : Time (s): cpu = 00:00:18 ; elapsed = 00:00:21 . Memory (MB): peak = 1340.211 ; gain = 785.207
---------------------------------------------------------------------------------
---------------------------------------------------------------------------------
Start IO Insertion
---------------------------------------------------------------------------------
---------------------------------------------------------------------------------
Start Flattening Before IO Insertion
---------------------------------------------------------------------------------
---------------------------------------------------------------------------------
Finished Flattening Before IO Insertion
---------------------------------------------------------------------------------
---------------------------------------------------------------------------------
Start Final Netlist Cleanup
---------------------------------------------------------------------------------
---------------------------------------------------------------------------------
Finished Final Netlist Cleanup
---------------------------------------------------------------------------------
---------------------------------------------------------------------------------
Finished IO Insertion : Time (s): cpu = 00:00:25 ; elapsed = 00:00:28 . Memory (MB): peak = 1558.305 ; gain = 1003.301
---------------------------------------------------------------------------------
---------------------------------------------------------------------------------
Start Renaming Generated Instances
---------------------------------------------------------------------------------
---------------------------------------------------------------------------------
Finished Renaming Generated Instances : Time (s): cpu = 00:00:25 ; elapsed = 00:00:28 . Memory (MB): peak = 1558.305 ; gain = 1003.301
---------------------------------------------------------------------------------
---------------------------------------------------------------------------------
Start Rebuilding User Hierarchy
---------------------------------------------------------------------------------
---------------------------------------------------------------------------------
Finished Rebuilding User Hierarchy : Time (s): cpu = 00:00:25 ; elapsed = 00:00:28 . Memory (MB): peak = 1558.305 ; gain = 1003.301
---------------------------------------------------------------------------------
---------------------------------------------------------------------------------
Start Renaming Generated Ports
---------------------------------------------------------------------------------
---------------------------------------------------------------------------------
Finished Renaming Generated Ports : Time (s): cpu = 00:00:25 ; elapsed = 00:00:28 . Memory (MB): peak = 1558.305 ; gain = 1003.301
---------------------------------------------------------------------------------
---------------------------------------------------------------------------------
Start Handling Custom Attributes
---------------------------------------------------------------------------------
---------------------------------------------------------------------------------
Finished Handling Custom Attributes : Time (s): cpu = 00:00:25 ; elapsed = 00:00:28 . Memory (MB): peak = 1558.305 ; gain = 1003.301
---------------------------------------------------------------------------------
---------------------------------------------------------------------------------
Start Renaming Generated Nets
---------------------------------------------------------------------------------
---------------------------------------------------------------------------------
Finished Renaming Generated Nets : Time (s): cpu = 00:00:25 ; elapsed = 00:00:28 . Memory (MB): peak = 1558.305 ; gain = 1003.301
---------------------------------------------------------------------------------
---------------------------------------------------------------------------------
Start Writing Synthesis Report
---------------------------------------------------------------------------------

Report BlackBoxes: 
+-+--------------+----------+
| |BlackBox name |Instances |
+-+--------------+----------+
+-+--------------+----------+

Report Cell Usage: 
+-+-----+------+
| |Cell |Count |
+-+-----+------+
+-+-----+------+

Report Instance Areas: 
+------+---------+-------+------+
|      |Instance |Module |Cells |
+------+---------+-------+------+
|1     |top      |       |     0|
+------+---------+-------+------+
---------------------------------------------------------------------------------
Finished Writing Synthesis Report : Time (s): cpu = 00:00:25 ; elapsed = 00:00:28 . Memory (MB): peak = 1558.305 ; gain = 1003.301
---------------------------------------------------------------------------------
Synthesis finished with 0 errors, 0 critical warnings and 85 warnings.
Synthesis Optimization Runtime : Time (s): cpu = 00:00:25 ; elapsed = 00:00:28 . Memory (MB): peak = 1558.305 ; gain = 1003.301
Synthesis Optimization Complete : Time (s): cpu = 00:00:25 ; elapsed = 00:00:28 . Memory (MB): peak = 1558.305 ; gain = 1003.301
INFO: [Project 1-571] Translating synthesized netlist
Netlist sorting complete. Time (s): cpu = 00:00:00 ; elapsed = 00:00:00 . Memory (MB): peak = 1559.340 ; gain = 0.000
INFO: [Project 1-570] Preparing netlist for logic optimization
INFO: [Opt 31-138] Pushed 0 inverter(s) to 0 load pin(s).
Netlist sorting complete. Time (s): cpu = 00:00:00 ; elapsed = 00:00:00 . Memory (MB): peak = 1681.832 ; gain = 0.000
INFO: [Project 1-111] Unisim Transformation Summary:
No Unisim elements were transformed.

Synth Design complete | Checksum: f2fc8b11
INFO: [Common 17-83] Releasing license: Synthesis
39 Infos, 85 Warnings, 0 Critical Warnings and 0 Errors encountered.
synth_design completed successfully
synth_design: Time (s): cpu = 00:00:27 ; elapsed = 00:00:32 . Memory (MB): peak = 1681.832 ; gain = 1133.836
INFO: [Common 17-1381] The checkpoint 'C:/Users/patsn/OneDrive/Documents/fpga-projects/3-stage-riscv-hazard-aware-cpu/vivado/riscv-cpu.runs/synth_1/cpu_top.dcp' has been generated.
INFO: [Vivado 12-24828] Executing command : report_utilization -file cpu_top_utilization_synth.rpt -pb cpu_top_utilization_synth.pb
INFO: [Common 17-206] Exiting Vivado at Wed Jan 14 13:15:26 2026...
