Vivado Simulator v2025.1.0
Copyright 1986-2022 Xilinx, Inc. All Rights Reserved.
Copyright 2022-2025 Advanced Micro Devices, Inc. All Rights Reserved.
Running: C:/Xilinx/2025.1/Vivado/bin/unwrapped/win64.o/xelab.exe --incr --debug typical --relax --mt 2 -L xil_defaultlib -L uvm -L unisims_ver -L unimacro_ver -L secureip --snapshot cpu_top_tb_behav xil_defaultlib.cpu_top_tb xil_defaultlib.glbl -log elaborate.log 
Using 2 slave threads.
Starting static elaboration
Pass Through NonSizing Optimizer
WARNING: [VRFC 10-8967] first argument of $fatal is invalid; expected 0, 1 or 2 [C:/Users/patsn/OneDrive/Documents/fpga-projects/3-stage-riscv-hazard-aware-cpu/tb/cpu_top_tb.sv:68]
WARNING: [VRFC 10-8967] first argument of $fatal is invalid; expected 0, 1 or 2 [C:/Users/patsn/OneDrive/Documents/fpga-projects/3-stage-riscv-hazard-aware-cpu/tb/cpu_top_tb.sv:71]
WARNING: [VRFC 10-8967] first argument of $fatal is invalid; expected 0, 1 or 2 [C:/Users/patsn/OneDrive/Documents/fpga-projects/3-stage-riscv-hazard-aware-cpu/tb/cpu_top_tb.sv:74]
WARNING: [VRFC 10-8967] first argument of $fatal is invalid; expected 0, 1 or 2 [C:/Users/patsn/OneDrive/Documents/fpga-projects/3-stage-riscv-hazard-aware-cpu/tb/cpu_top_tb.sv:77]
Completed static elaboration
INFO: [XSIM 43-4329] Assuming default value 1 for the first arguement of $fatal at Line 68, File C:/Users/patsn/OneDrive/Documents/fpga-projects/3-stage-riscv-hazard-aware-cpu/tb/cpu_top_tb.sv
INFO: [XSIM 43-4329] Assuming default value 1 for the first arguement of $fatal at Line 71, File C:/Users/patsn/OneDrive/Documents/fpga-projects/3-stage-riscv-hazard-aware-cpu/tb/cpu_top_tb.sv
INFO: [XSIM 43-4329] Assuming default value 1 for the first arguement of $fatal at Line 74, File C:/Users/patsn/OneDrive/Documents/fpga-projects/3-stage-riscv-hazard-aware-cpu/tb/cpu_top_tb.sv
INFO: [XSIM 43-4329] Assuming default value 1 for the first arguement of $fatal at Line 77, File C:/Users/patsn/OneDrive/Documents/fpga-projects/3-stage-riscv-hazard-aware-cpu/tb/cpu_top_tb.sv
Starting simulation data flow analysis
WARNING: [XSIM 43-4100] "C:/Users/patsn/OneDrive/Documents/fpga-projects/3-stage-riscv-hazard-aware-cpu/vivado/riscv-cpu.sim/sim_1/behav/xsim/glbl.v" Line 6. Module glbl has a timescale but at least one module in design doesn't have timescale.
WARNING: [XSIM 43-4100] "C:/Users/patsn/OneDrive/Documents/fpga-projects/3-stage-riscv-hazard-aware-cpu/vivado/riscv-cpu.sim/sim_1/behav/xsim/glbl.v" Line 6. Module glbl has a timescale but at least one module in design doesn't have timescale.
Completed simulation data flow analysis
Time Resolution for simulation is 1ps
Compiling module xil_defaultlib.pc
Compiling module xil_defaultlib.imem
Compiling module xil_defaultlib.if_ex_reg
Compiling module xil_defaultlib.imm_gen
Compiling module xil_defaultlib.regfile
Compiling module xil_defaultlib.control
Compiling module xil_defaultlib.alu_control
Compiling module xil_defaultlib.alu
Compiling module xil_defaultlib.ex_wb_reg
Compiling module xil_defaultlib.dmem
Compiling module xil_defaultlib.cpu_top
Compiling module xil_defaultlib.cpu_top_tb
Compiling module xil_defaultlib.glbl
Built simulation snapshot cpu_top_tb_behav
