Time resolution is 1 ps
PC=00000000 instr=00000013 alu=00000000 wb=00000000 rd=0 we=0
PC=00000000 instr=00000013 alu=00000000 wb=00000000 rd=0 we=0
PC=00000000 instr=00000013 alu=00000000 wb=00000000 rd=0 we=0
PC=00000004 instr=00100093 alu=00000000 wb=00000000 rd=0 we=0
PC=00000008 instr=00200113 alu=00000000 wb=00000000 rd=0 we=1
PC=0000000c instr=002081b3 alu=00000001 wb=00000001 rd=1 we=1
PC=00000010 instr=xxxxxxxx alu=00000002 wb=00000002 rd=2 we=1
PC=00000014 instr=xxxxxxxx alu=00000001 wb=00000001 rd=3 we=1
PC=00000018 instr=xxxxxxxx alu=xxxxxxxx wb=xxxxxxxx rd=x we=0
PC=0000001c instr=xxxxxxxx alu=xxxxxxxx wb=xxxxxxxx rd=x we=0
PC=00000020 instr=xxxxxxxx alu=xxxxxxxx wb=xxxxxxxx rd=x we=0
PC=00000024 instr=xxxxxxxx alu=xxxxxxxx wb=xxxxxxxx rd=x we=0
PC=00000028 instr=xxxxxxxx alu=xxxxxxxx wb=xxxxxxxx rd=x we=0
PC=0000002c instr=xxxxxxxx alu=xxxxxxxx wb=xxxxxxxx rd=x we=0
PC=00000030 instr=xxxxxxxx alu=xxxxxxxx wb=xxxxxxxx rd=x we=0
PC=00000034 instr=xxxxxxxx alu=xxxxxxxx wb=xxxxxxxx rd=x we=0
PC=00000038 instr=xxxxxxxx alu=xxxxxxxx wb=xxxxxxxx rd=x we=0
PC=0000003c instr=xxxxxxxx alu=xxxxxxxx wb=xxxxxxxx rd=x we=0
PC=00000040 instr=xxxxxxxx alu=xxxxxxxx wb=xxxxxxxx rd=x we=0
PC=00000044 instr=xxxxxxxx alu=xxxxxxxx wb=xxxxxxxx rd=x we=0
PC=00000048 instr=xxxxxxxx alu=xxxxxxxx wb=xxxxxxxx rd=x we=0
PC=0000004c instr=xxxxxxxx alu=xxxxxxxx wb=xxxxxxxx rd=x we=0
PC=00000050 instr=xxxxxxxx alu=xxxxxxxx wb=xxxxxxxx rd=x we=0
PC=00000054 instr=xxxxxxxx alu=xxxxxxxx wb=xxxxxxxx rd=x we=0
PC=00000058 instr=xxxxxxxx alu=xxxxxxxx wb=xxxxxxxx rd=x we=0
PC=0000005c instr=xxxxxxxx alu=xxxxxxxx wb=xxxxxxxx rd=x we=0
PC=00000060 instr=xxxxxxxx alu=xxxxxxxx wb=xxxxxxxx rd=x we=0
PC=00000064 instr=xxxxxxxx alu=xxxxxxxx wb=xxxxxxxx rd=x we=0
PC=00000068 instr=xxxxxxxx alu=xxxxxxxx wb=xxxxxxxx rd=x we=0
PC=0000006c instr=xxxxxxxx alu=xxxxxxxx wb=xxxxxxxx rd=x we=0
Checking results...
Fatal: FAIL: x1 incorrect
Time: 300 ns  Iteration: 0  Process: /cpu_top_tb/Initial58_16  Scope: cpu_top_tb  File: C:/Users/patsn/OneDrive/Documents/fpga-projects/3-stage-riscv-hazard-aware-cpu/tb/cpu_top_tb.sv Line: 68
$finish called at time : 300 ns
